../Core/Src/main.c:71:6:blinking_led	64	static
../Core/Src/main.c:78:6:blinking_led1	64	static
../Core/Src/main.c:84:6:blinking_led2	64	static
../Core/Src/main.c:91:6:blinking_led3	64	static
../Core/Src/main.c:98:6:blinking_led4	64	static
../Core/Src/main.c:104:6:blinking_led5	64	static
../Core/Src/main.c:110:6:blinking_led6	64	static
../Core/Src/main.c:126:5:main	8	static
../Core/Src/main.c:180:6:SystemClock_Config	72	static
../Core/Src/main.c:217:13:MX_TIM2_Init	32	static
../Core/Src/main.c:262:13:MX_USART2_UART_Init	8	static
../Core/Src/main.c:295:13:MX_GPIO_Init	32	static
../Core/Src/main.c:325:6:HAL_TIM_PeriodElapsedCallback	16	static
../Core/Src/main.c:335:6:Error_Handler	4	static,ignoring_inline_asm
