../Core/Src/main.c:68:7:blinking_led	64	static
../Core/Src/main.c:76:7:blinking_led1	64	static
../Core/Src/main.c:83:7:blinking_led2	64	static
../Core/Src/main.c:90:7:blinking_led3	64	static
../Core/Src/main.c:97:7:blinking_led4	64	static
../Core/Src/main.c:109:5:main	8	static
../Core/Src/main.c:160:6:SystemClock_Config	72	static
../Core/Src/main.c:197:13:MX_TIM2_Init	32	static
../Core/Src/main.c:242:13:MX_USART2_UART_Init	8	static
../Core/Src/main.c:275:13:MX_GPIO_Init	32	static
../Core/Src/main.c:298:6:HAL_TIM_PeriodElapsedCallback	16	static
../Core/Src/main.c:308:6:Error_Handler	4	static,ignoring_inline_asm
